clang version 19.0.0 (https://github.com/Xilinx/llvm-aie b2a279c1939604e2ee82a651683dd995decc25ee)
Target: aie2-none-unknown-elf
Thread model: posix
InstalledDir: /opt/anaconda3/envs/allo-base/lib/python3.12/site-packages/llvm-aie/bin
Build config: +assertions
Found HIP installation: /opt/rocm, version 6.1.40093
 (in-process)
 "/opt/anaconda3/envs/allo-base/lib/python3.12/site-packages/llvm-aie/bin/clang++" -cc1 -triple aie2-none-unknown-elf -emit-obj -disable-free -clear-ast-before-backend -main-file-name external0.cc -mrelocation-model static -mframe-pointer=none -fmath-errno -ffp-contract=on -fno-rounding-math -mconstructor-aliases -fno-use-init-array -mllvm -vectorize-loops=false -mllvm -vectorize-slp=false -mllvm --two-entry-phi-node-folding-threshold=10 -fno-threadsafe-statics -mllvm -mandatory-inlining-before-opt=false -mllvm -basic-aa-full-phi-analysis=true -mllvm -basic-aa-max-lookup-search-depth=10 -mllvm -enable-loop-iter-count-assumptions=true -debugger-tuning=gdb -fdebug-compilation-dir=/home/ec935/vla-to-npu/gemm/experiments/padding_policy/runs/baseline/baseline3/baseline3_20260309_122436/work/top_worker_0 -v -fcoverage-compilation-dir=/home/ec935/vla-to-npu/gemm/experiments/padding_policy/runs/baseline/baseline3/baseline3_20260309_122436/work/top_worker_0 -resource-dir /opt/anaconda3/envs/allo-base/lib/python3.12/site-packages/llvm-aie/lib/clang/19 -D NDEBUG -I /opt/anaconda3/envs/allo-base/lib/python3.12/site-packages/mlir_aie/include -I /home/ec935/allo/scripts/../mlir-aie/aie_kernels// -I . -internal-isystem /opt/anaconda3/envs/allo-base/lib/python3.12/site-packages/llvm-aie/bin/../include/aie2-none-unknown-elf/c++/v1 -internal-isystem /opt/anaconda3/envs/allo-base/lib/python3.12/site-packages/llvm-aie/bin/../include/c++/v1 -include aiev2intrin.h -D__AIENGINE__ -D__AIEARCH__=20 -nostdsysteminc -internal-externc-isystem /opt/anaconda3/envs/allo-base/lib/python3.12/site-packages/llvm-aie/bin/../include/aie2-none-unknown-elf -O2 -Wno-parentheses -Wno-attributes -Wno-macro-redefined -std=c++20 -fdeprecated-macro -ferror-limit 19 -fgnuc-version=4.2.1 -fno-implicit-modules -fskip-odr-check-in-gmf -fcxx-exceptions -fexceptions -vectorize-loops -vectorize-slp -faddrsig -D__GCC_HAVE_DWARF2_CFI_ASM=1 -o external0.o -x c++ external0.cc
clang -cc1 version 19.0.0 based upon LLVM 19.0.0 default target x86_64-unknown-linux-gnu
#include "..." search starts here:
#include <...> search starts here:
 /opt/anaconda3/envs/allo-base/lib/python3.12/site-packages/mlir_aie/include
 /home/ec935/allo/scripts/../mlir-aie/aie_kernels/
 .
 /opt/anaconda3/envs/allo-base/lib/python3.12/site-packages/llvm-aie/bin/../include/aie2-none-unknown-elf/c++/v1
 /opt/anaconda3/envs/allo-base/lib/python3.12/site-packages/llvm-aie/bin/../include/c++/v1
 /opt/anaconda3/envs/allo-base/lib/python3.12/site-packages/llvm-aie/bin/../include/aie2-none-unknown-elf
 /opt/anaconda3/envs/allo-base/lib/python3.12/site-packages/llvm-aie/lib/clang/19/include
End of search list.
In file included from external0.cc:7:
In file included from /opt/anaconda3/envs/allo-base/lib/python3.12/site-packages/mlir_aie/include/aie_api/aie.hpp:41:
In file included from /opt/anaconda3/envs/allo-base/lib/python3.12/site-packages/mlir_aie/include/aie_api/detail/abs.hpp:63:
In file included from /opt/anaconda3/envs/allo-base/lib/python3.12/site-packages/mlir_aie/include/aie_api/detail/aie2/abs.hpp:10:
In file included from /opt/anaconda3/envs/allo-base/lib/python3.12/site-packages/mlir_aie/include/aie_api/detail/aie2/../broadcast.hpp:13:
In file included from /opt/anaconda3/envs/allo-base/lib/python3.12/site-packages/mlir_aie/include/aie_api/detail/aie2/../../accum.hpp:10:
In file included from /opt/anaconda3/envs/allo-base/lib/python3.12/site-packages/mlir_aie/include/aie_api/detail/aie2/../../aie_types.hpp:19:
In file included from /opt/anaconda3/envs/allo-base/lib/python3.12/site-packages/mlir_aie/include/aie_api/detail/aie2/../../detail/mdspan.hpp:12:
In file included from /opt/anaconda3/envs/allo-base/lib/python3.12/site-packages/mlir_aie/include/aie_api/detail/aie2/../../detail/../iterator.hpp:12:
/opt/anaconda3/envs/allo-base/lib/python3.12/site-packages/mlir_aie/include/aie_api/detail/aie2/../../detail/../detail/array_helpers.hpp:750:9: warning: if statement has empty body [-Wempty-body]
  750 |         REQUIRES_MSG(elems % Elems == 0,                          "Array size needs to be a multiple of vector size");
      |         ^
/opt/anaconda3/envs/allo-base/lib/python3.12/site-packages/mlir_aie/include/aie_api/detail/../detail/utils.hpp:764:13: note: expanded from macro 'REQUIRES_MSG'
  764 |             STATIC_ASSERT_CONSTANT_EXPRESSION(a, m); \
      |             ^
/opt/anaconda3/envs/allo-base/lib/python3.12/site-packages/mlir_aie/include/aie_api/detail/../detail/utils.hpp:750:92: note: expanded from macro 'STATIC_ASSERT_CONSTANT_EXPRESSION'
  750 | #define STATIC_ASSERT_CONSTANT_EXPRESSION(e, m) do { if (!chess_manifest(e)) chess_error(m); } while (0)
      |                                                                                            ^
/opt/anaconda3/envs/allo-base/lib/python3.12/site-packages/mlir_aie/include/aie_api/detail/aie2/../../detail/../detail/array_helpers.hpp:750:9: note: put the semicolon on a separate line to silence this warning
/opt/anaconda3/envs/allo-base/lib/python3.12/site-packages/mlir_aie/include/aie_api/detail/../detail/utils.hpp:764:13: note: expanded from macro 'REQUIRES_MSG'
  764 |             STATIC_ASSERT_CONSTANT_EXPRESSION(a, m); \
      |             ^
/opt/anaconda3/envs/allo-base/lib/python3.12/site-packages/mlir_aie/include/aie_api/detail/../detail/utils.hpp:750:92: note: expanded from macro 'STATIC_ASSERT_CONSTANT_EXPRESSION'
  750 | #define STATIC_ASSERT_CONSTANT_EXPRESSION(e, m) do { if (!chess_manifest(e)) chess_error(m); } while (0)
      |                                                                                            ^
1 warning generated.


****** Bootgen v2024.1
  **** Build date : Apr 22 2025-04:12:47
    ** Copyright 1986-2022 Xilinx, Inc. All Rights Reserved.
    ** Copyright 2022-2024 Advanced Micro Devices, Inc. All Rights Reserved.


[INFO]   : Bootimage generated successfully

Info: Embedded Metadata section is missing project.platform.device.core element, adding it.
xchesscc not found.
Could not find aietools from Vitis or Ryzen AI Software.
 AIE Compilation: ━━━━━━━━━━━━━━━━━━━━━━━━━━━━━━━━━━━━━╸    94% 0:00:01 0:00:01 16/17 4 Workers
Generating: /home/ec935/vla-to-npu/gemm/experiments/padding_policy/runs/baseline/baseline3/baseline3_20260309_122436/work/top_worker_0/top.mlir.prj/aie_cdo_elfs.bin
Generating: /home/ec935/vla-to-npu/gemm/experiments/padding_policy/runs/baseline/baseline3/baseline3_20260309_122436/work/top_worker_0/top.mlir.prj/aie_cdo_init.bin
Generating: /home/ec935/vla-to-npu/gemm/experiments/padding_policy/runs/baseline/baseline3/baseline3_20260309_122436/work/top_worker_0/top.mlir.prj/aie_cdo_enable.bin
CMake Deprecation Warning at CMakeLists.txt:14 (cmake_minimum_required):
  Compatibility with CMake < 3.10 will be removed from a future version of
  CMake.

  Update the VERSION argument <min> value.  Or, use the <min>...<max> syntax
  to tell CMake that the project requires at least <min> but has been updated
  to work with policies introduced by <max> or earlier.


-- The C compiler identification is GNU 13.1.0
-- The CXX compiler identification is GNU 13.1.0
-- Detecting C compiler ABI info
-- Detecting C compiler ABI info - done
-- Check for working C compiler: /usr/bin/gcc-13 - skipped
-- Detecting C compile features
-- Detecting C compile features - done
-- Detecting CXX compiler ABI info
-- Detecting CXX compiler ABI info - done
-- Check for working CXX compiler: /usr/bin/g++-13 - skipped
-- Detecting CXX compile features
-- Detecting CXX compile features - done
CMake Warning (dev) at CMakeLists.txt:46 (find_package):
  Policy CMP0167 is not set: The FindBoost module is removed.  Run "cmake
  --help-policy CMP0167" for policy details.  Use the cmake_policy command to
  set the policy and suppress this warning.

This warning is for project developers.  Use -Wno-dev to suppress it.

-- Found Boost: /usr/lib/x86_64-linux-gnu/cmake/Boost-1.74.0/BoostConfig.cmake (found version "1.74.0")
-- Configuring done (0.2s)
-- Generating done (0.0s)
-- Build files have been written to: /home/ec935/vla-to-npu/gemm/experiments/padding_policy/runs/baseline/baseline3/baseline3_20260309_122436/work/top_worker_0/build
[ 33%] Building CXX object CMakeFiles/top.dir/home/ec935/allo/mlir-aie/runtime_lib/test_lib/test_utils.cpp.o
[ 66%] Building CXX object CMakeFiles/top.dir/test.cpp.o
[100%] Linking CXX executable top
[100%] Built target top
Avg NPU execution time: 1051.77us
Min NPU execution time: 886us
[RUN] dtype=i16 tile=(64,64,64) original=(247,982,1029) padded=(256,1024,2048) use_padding=True pad_impl=numpy_pad
[i16] Padding shape: (247, 982, 1029) -> (256, 1024, 2048)
[i16] Padding time: 1167.631us
[i16] Unpadding time: 2.444us
PASSED!
